testset_09_error/test_03_error_app_cond/app/mos.yml cond 1: Unsupported platform
