type: app
version: "1.0"
platform: esp8266
platforms:
__ALL_PLATFORMS__
author: mongoose-os
description: My test app
sources:
- __APP_ROOT__/app/build/gen/mgos_deps_init.c
- __APP_ROOT__/libs/mylib1/src/mylib1_src1.c
filesystem:
- __APP_ROOT__/libs/mylib1/fs/mylib1_file1
config_schema:
- - mylib1
  - o
  - title: mylib1 settings
build_vars:
  BOARD: ""
  MGOS_HAVE_CORE: "1"
  MGOS_HAVE_MYLIB1: "1"
cdefs:
  MGOS_HAVE_CORE: "1"
  MGOS_HAVE_MYLIB1: "1"
libs_version: "0.01"
modules_version: "0.01"
mongoose_os_version: "0.01"
manifest_version: 2018-08-29
init_deps:
- core
- mylib1
