type: app
platform: esp32
platforms:
__ALL_PLATFORMS__
sources:
- __APP_ROOT__/app/build/gen/mgos_deps_init.c
- __APP_ROOT__/libs/core/src/lib.c
- __APP_ROOT__/libs/mylib1/src/lib.c
build_vars:
  BOARD: ""
  ESP_IDF_EXTRA_COMPONENTS: ""
  ESP_IDF_SDKCONFIG_OPTS: ""
  MGOS: "1"
  MGOS_HAVE_CORE: "1"
  MGOS_HAVE_LIB1: "1"
cdefs:
  MGOS: "1"
  MGOS_HAVE_CORE: "1"
  MGOS_HAVE_LIB1: "1"
libs_version: "0.01"
modules_version: "0.01"
mongoose_os_version: "0.01"
manifest_version: "2020-08-02"
libs_handled:
- lib:
    origin: https://github.com/mongoose-os-libs/core
    location: https://github.com/mongoose-os-libs/core
    name: core
  path: __APP_ROOT__/libs/core
  sources:
  - __APP_ROOT__/libs/core/src/lib.c
- lib:
    origin: libs/mylib1
    location: libs/mylib1
    name: lib1
  path: __APP_ROOT__/libs/mylib1
  init_deps:
  - core
  sources:
  - __APP_ROOT__/libs/mylib1/src/lib.c
init_deps:
- core
- lib1
